// Jest Snapshot v1, https://goo.gl/fbAQLP

exports[`Map renders the basic map container 1`] = `
<div
  style={
    Object {
      "height": "100%",
      "width": "100%",
    }
  }
>
  Map loading
  Child content
  ;
</div>
`;
