// Jest Snapshot v1, https://goo.gl/fbAQLP

exports[`SearchForm renders the form with Autocomplete 1`] = `
<div
  style={
    Object {
      "position": "relative",
    }
  }
>
  <div
    style={
      Object {
        "height": 38,
        "width": "100%",
      }
    }
  >
    <input
      aria-autocomplete="list"
      aria-expanded={false}
      autoComplete="off"
      onBlur={[Function]}
      onChange={[Function]}
      onClick={[Function]}
      onFocus={[Function]}
      onKeyDown={[Function]}
      onKeyUp={[Function]}
      placeholder="Enter destination (Zone 1 stations only)"
      role="combobox"
      style={
        Object {
          "border": "1px solid grey",
          "boxSizing": "border-box",
          "fontSize": "90%",
          "padding": 10,
          "paddingRight": 38,
          "width": "100%",
        }
      }
      value=""
    />
  </div>
  <input
    id="submitSearch"
    onClick={[Function]}
    style={
      Object {
        "border": "1px solid grey",
        "height": 38,
        "position": "absolute",
        "right": 0,
        "top": 0,
        "width": 38,
      }
    }
    type="button"
    value="Go"
  />
</div>
`;
