// Jest Snapshot v1, https://goo.gl/fbAQLP

exports[`SearchForm renders the form with Autocomplete 1`] = `
<div>
  <div
    style={
      Object {
        "display": "flex",
      }
    }
  >
    <div
      style={
        Object {
          "height": 38,
          "width": "100%",
        }
      }
    >
      <input
        aria-autocomplete="list"
        aria-expanded={false}
        autoComplete="off"
        onBlur={[Function]}
        onChange={[Function]}
        onClick={[Function]}
        onFocus={[Function]}
        onKeyDown={[Function]}
        placeholder="Enter destination in Zone 1"
        role="combobox"
        style={
          Object {
            "border": "1px solid grey",
            "borderRight": 0,
            "boxSizing": "border-box",
            "fontSize": "90%",
            "height": 38,
            "padding": 10,
            "paddingRight": 89,
            "width": "100%",
          }
        }
        value=""
      />
    </div>
    <input
      id="toggleFilters"
      onClick={[Function]}
      style={
        Object {
          "border": "1px solid grey",
          "borderRight": 0,
          "height": 38,
          "width": 51,
        }
      }
      type="button"
      value="Filters"
    />
    <input
      id="submitSearch"
      onClick={[Function]}
      style={
        Object {
          "border": "1px solid grey",
          "height": 38,
          "width": 38,
        }
      }
      type="button"
      value="Go"
    />
  </div>
</div>
`;
